[2026-04-19T07:57:55.363+0000] {processor.py:161} INFO - Started process (PID=193) to work on /opt/airflow/dags/churn_ppipeline.py
[2026-04-19T07:57:55.365+0000] {processor.py:830} INFO - Processing file /opt/airflow/dags/churn_ppipeline.py for tasks to queue
[2026-04-19T07:57:55.367+0000] {logging_mixin.py:188} INFO - [2026-04-19T07:57:55.366+0000] {dagbag.py:538} INFO - Filling up the DagBag from /opt/airflow/dags/churn_ppipeline.py
[2026-04-19T07:57:55.410+0000] {processor.py:840} INFO - DAG(s) 'churn_etl_pipeline' retrieved from /opt/airflow/dags/churn_ppipeline.py
[2026-04-19T07:57:55.444+0000] {logging_mixin.py:188} INFO - [2026-04-19T07:57:55.443+0000] {dag.py:3036} INFO - Sync 1 DAGs
[2026-04-19T07:57:55.474+0000] {logging_mixin.py:188} INFO - [2026-04-19T07:57:55.474+0000] {dag.py:3823} INFO - Setting next_dagrun for churn_etl_pipeline to 2026-03-01 00:00:00+00:00, run_after=2026-04-01 00:00:00+00:00
[2026-04-19T07:57:55.503+0000] {processor.py:183} INFO - Processing /opt/airflow/dags/churn_ppipeline.py took 0.144 seconds
[2026-04-19T07:58:25.741+0000] {processor.py:161} INFO - Started process (PID=198) to work on /opt/airflow/dags/churn_ppipeline.py
[2026-04-19T07:58:25.742+0000] {processor.py:830} INFO - Processing file /opt/airflow/dags/churn_ppipeline.py for tasks to queue
[2026-04-19T07:58:25.744+0000] {logging_mixin.py:188} INFO - [2026-04-19T07:58:25.743+0000] {dagbag.py:538} INFO - Filling up the DagBag from /opt/airflow/dags/churn_ppipeline.py
[2026-04-19T07:58:25.780+0000] {processor.py:840} INFO - DAG(s) 'churn_etl_pipeline' retrieved from /opt/airflow/dags/churn_ppipeline.py
[2026-04-19T07:58:26.066+0000] {logging_mixin.py:188} INFO - [2026-04-19T07:58:26.065+0000] {dag.py:3036} INFO - Sync 1 DAGs
[2026-04-19T07:58:26.091+0000] {logging_mixin.py:188} INFO - [2026-04-19T07:58:26.091+0000] {dag.py:3823} INFO - Setting next_dagrun for churn_etl_pipeline to 2026-03-01 00:00:00+00:00, run_after=2026-04-01 00:00:00+00:00
[2026-04-19T07:58:26.130+0000] {processor.py:183} INFO - Processing /opt/airflow/dags/churn_ppipeline.py took 0.394 seconds
[2026-04-19T07:58:56.490+0000] {processor.py:161} INFO - Started process (PID=203) to work on /opt/airflow/dags/churn_ppipeline.py
[2026-04-19T07:58:56.520+0000] {processor.py:830} INFO - Processing file /opt/airflow/dags/churn_ppipeline.py for tasks to queue
[2026-04-19T07:58:56.522+0000] {logging_mixin.py:188} INFO - [2026-04-19T07:58:56.522+0000] {dagbag.py:538} INFO - Filling up the DagBag from /opt/airflow/dags/churn_ppipeline.py
[2026-04-19T07:58:56.565+0000] {processor.py:840} INFO - DAG(s) 'churn_etl_pipeline' retrieved from /opt/airflow/dags/churn_ppipeline.py
[2026-04-19T07:58:56.609+0000] {logging_mixin.py:188} INFO - [2026-04-19T07:58:56.609+0000] {dag.py:3036} INFO - Sync 1 DAGs
[2026-04-19T07:58:56.637+0000] {logging_mixin.py:188} INFO - [2026-04-19T07:58:56.636+0000] {dag.py:3823} INFO - Setting next_dagrun for churn_etl_pipeline to 2026-03-01 00:00:00+00:00, run_after=2026-04-01 00:00:00+00:00
[2026-04-19T07:58:56.667+0000] {processor.py:183} INFO - Processing /opt/airflow/dags/churn_ppipeline.py took 0.183 seconds
[2026-04-19T07:59:26.816+0000] {processor.py:161} INFO - Started process (PID=208) to work on /opt/airflow/dags/churn_ppipeline.py
[2026-04-19T07:59:26.817+0000] {processor.py:830} INFO - Processing file /opt/airflow/dags/churn_ppipeline.py for tasks to queue
[2026-04-19T07:59:26.820+0000] {logging_mixin.py:188} INFO - [2026-04-19T07:59:26.819+0000] {dagbag.py:538} INFO - Filling up the DagBag from /opt/airflow/dags/churn_ppipeline.py
[2026-04-19T07:59:26.861+0000] {processor.py:840} INFO - DAG(s) 'churn_etl_pipeline' retrieved from /opt/airflow/dags/churn_ppipeline.py
[2026-04-19T07:59:26.918+0000] {logging_mixin.py:188} INFO - [2026-04-19T07:59:26.917+0000] {dag.py:3036} INFO - Sync 1 DAGs
[2026-04-19T07:59:26.957+0000] {logging_mixin.py:188} INFO - [2026-04-19T07:59:26.957+0000] {dag.py:3823} INFO - Setting next_dagrun for churn_etl_pipeline to 2026-03-01 00:00:00+00:00, run_after=2026-04-01 00:00:00+00:00
[2026-04-19T07:59:26.995+0000] {processor.py:183} INFO - Processing /opt/airflow/dags/churn_ppipeline.py took 0.185 seconds
[2026-04-19T07:59:57.156+0000] {processor.py:161} INFO - Started process (PID=213) to work on /opt/airflow/dags/churn_ppipeline.py
[2026-04-19T07:59:57.157+0000] {processor.py:830} INFO - Processing file /opt/airflow/dags/churn_ppipeline.py for tasks to queue
[2026-04-19T07:59:57.159+0000] {logging_mixin.py:188} INFO - [2026-04-19T07:59:57.159+0000] {dagbag.py:538} INFO - Filling up the DagBag from /opt/airflow/dags/churn_ppipeline.py
[2026-04-19T07:59:57.198+0000] {processor.py:840} INFO - DAG(s) 'churn_etl_pipeline' retrieved from /opt/airflow/dags/churn_ppipeline.py
[2026-04-19T07:59:57.248+0000] {logging_mixin.py:188} INFO - [2026-04-19T07:59:57.247+0000] {dag.py:3036} INFO - Sync 1 DAGs
[2026-04-19T07:59:57.325+0000] {logging_mixin.py:188} INFO - [2026-04-19T07:59:57.325+0000] {dag.py:3823} INFO - Setting next_dagrun for churn_etl_pipeline to 2026-03-01 00:00:00+00:00, run_after=2026-04-01 00:00:00+00:00
[2026-04-19T07:59:57.399+0000] {processor.py:183} INFO - Processing /opt/airflow/dags/churn_ppipeline.py took 0.248 seconds
[2026-04-19T08:00:28.107+0000] {processor.py:161} INFO - Started process (PID=218) to work on /opt/airflow/dags/churn_ppipeline.py
[2026-04-19T08:00:28.111+0000] {processor.py:830} INFO - Processing file /opt/airflow/dags/churn_ppipeline.py for tasks to queue
[2026-04-19T08:00:28.119+0000] {logging_mixin.py:188} INFO - [2026-04-19T08:00:28.118+0000] {dagbag.py:538} INFO - Filling up the DagBag from /opt/airflow/dags/churn_ppipeline.py
[2026-04-19T08:00:28.270+0000] {processor.py:840} INFO - DAG(s) 'churn_etl_pipeline' retrieved from /opt/airflow/dags/churn_ppipeline.py
[2026-04-19T08:00:28.341+0000] {logging_mixin.py:188} INFO - [2026-04-19T08:00:28.341+0000] {dag.py:3036} INFO - Sync 1 DAGs
[2026-04-19T08:00:28.460+0000] {logging_mixin.py:188} INFO - [2026-04-19T08:00:28.460+0000] {dag.py:3823} INFO - Setting next_dagrun for churn_etl_pipeline to 2026-03-01 00:00:00+00:00, run_after=2026-04-01 00:00:00+00:00
[2026-04-19T08:00:28.618+0000] {processor.py:183} INFO - Processing /opt/airflow/dags/churn_ppipeline.py took 0.516 seconds
[2026-04-19T08:00:58.842+0000] {processor.py:161} INFO - Started process (PID=223) to work on /opt/airflow/dags/churn_ppipeline.py
[2026-04-19T08:00:58.845+0000] {processor.py:830} INFO - Processing file /opt/airflow/dags/churn_ppipeline.py for tasks to queue
[2026-04-19T08:00:58.852+0000] {logging_mixin.py:188} INFO - [2026-04-19T08:00:58.848+0000] {dagbag.py:538} INFO - Filling up the DagBag from /opt/airflow/dags/churn_ppipeline.py
[2026-04-19T08:00:58.893+0000] {processor.py:840} INFO - DAG(s) 'churn_etl_pipeline' retrieved from /opt/airflow/dags/churn_ppipeline.py
[2026-04-19T08:00:58.931+0000] {logging_mixin.py:188} INFO - [2026-04-19T08:00:58.930+0000] {dag.py:3036} INFO - Sync 1 DAGs
[2026-04-19T08:00:59.049+0000] {logging_mixin.py:188} INFO - [2026-04-19T08:00:59.049+0000] {dag.py:3823} INFO - Setting next_dagrun for churn_etl_pipeline to 2026-03-01 00:00:00+00:00, run_after=2026-04-01 00:00:00+00:00
[2026-04-19T08:00:59.098+0000] {processor.py:183} INFO - Processing /opt/airflow/dags/churn_ppipeline.py took 0.262 seconds
[2026-04-19T08:01:29.920+0000] {processor.py:161} INFO - Started process (PID=228) to work on /opt/airflow/dags/churn_ppipeline.py
[2026-04-19T08:01:29.924+0000] {processor.py:830} INFO - Processing file /opt/airflow/dags/churn_ppipeline.py for tasks to queue
[2026-04-19T08:01:29.926+0000] {logging_mixin.py:188} INFO - [2026-04-19T08:01:29.926+0000] {dagbag.py:538} INFO - Filling up the DagBag from /opt/airflow/dags/churn_ppipeline.py
[2026-04-19T08:01:29.968+0000] {processor.py:840} INFO - DAG(s) 'churn_etl_pipeline' retrieved from /opt/airflow/dags/churn_ppipeline.py
[2026-04-19T08:01:30.017+0000] {logging_mixin.py:188} INFO - [2026-04-19T08:01:30.017+0000] {dag.py:3036} INFO - Sync 1 DAGs
[2026-04-19T08:01:30.065+0000] {logging_mixin.py:188} INFO - [2026-04-19T08:01:30.064+0000] {dag.py:3823} INFO - Setting next_dagrun for churn_etl_pipeline to 2026-03-01 00:00:00+00:00, run_after=2026-04-01 00:00:00+00:00
[2026-04-19T08:01:30.101+0000] {processor.py:183} INFO - Processing /opt/airflow/dags/churn_ppipeline.py took 0.187 seconds
[2026-04-19T08:02:00.185+0000] {processor.py:161} INFO - Started process (PID=233) to work on /opt/airflow/dags/churn_ppipeline.py
[2026-04-19T08:02:00.187+0000] {processor.py:830} INFO - Processing file /opt/airflow/dags/churn_ppipeline.py for tasks to queue
[2026-04-19T08:02:00.189+0000] {logging_mixin.py:188} INFO - [2026-04-19T08:02:00.188+0000] {dagbag.py:538} INFO - Filling up the DagBag from /opt/airflow/dags/churn_ppipeline.py
[2026-04-19T08:02:00.245+0000] {processor.py:840} INFO - DAG(s) 'churn_etl_pipeline' retrieved from /opt/airflow/dags/churn_ppipeline.py
[2026-04-19T08:02:00.319+0000] {logging_mixin.py:188} INFO - [2026-04-19T08:02:00.319+0000] {dag.py:3036} INFO - Sync 1 DAGs
[2026-04-19T08:02:00.359+0000] {logging_mixin.py:188} INFO - [2026-04-19T08:02:00.359+0000] {dag.py:3823} INFO - Setting next_dagrun for churn_etl_pipeline to 2026-03-01 00:00:00+00:00, run_after=2026-04-01 00:00:00+00:00
[2026-04-19T08:02:00.402+0000] {processor.py:183} INFO - Processing /opt/airflow/dags/churn_ppipeline.py took 0.224 seconds
[2026-04-19T08:02:30.722+0000] {processor.py:161} INFO - Started process (PID=238) to work on /opt/airflow/dags/churn_ppipeline.py
[2026-04-19T08:02:30.724+0000] {processor.py:830} INFO - Processing file /opt/airflow/dags/churn_ppipeline.py for tasks to queue
[2026-04-19T08:02:30.726+0000] {logging_mixin.py:188} INFO - [2026-04-19T08:02:30.725+0000] {dagbag.py:538} INFO - Filling up the DagBag from /opt/airflow/dags/churn_ppipeline.py
[2026-04-19T08:02:30.763+0000] {processor.py:840} INFO - DAG(s) 'churn_etl_pipeline' retrieved from /opt/airflow/dags/churn_ppipeline.py
[2026-04-19T08:02:30.840+0000] {logging_mixin.py:188} INFO - [2026-04-19T08:02:30.840+0000] {dag.py:3036} INFO - Sync 1 DAGs
[2026-04-19T08:02:30.871+0000] {logging_mixin.py:188} INFO - [2026-04-19T08:02:30.871+0000] {dag.py:3823} INFO - Setting next_dagrun for churn_etl_pipeline to 2026-03-01 00:00:00+00:00, run_after=2026-04-01 00:00:00+00:00
[2026-04-19T08:02:30.939+0000] {processor.py:183} INFO - Processing /opt/airflow/dags/churn_ppipeline.py took 0.220 seconds
[2026-04-19T08:03:01.428+0000] {processor.py:161} INFO - Started process (PID=243) to work on /opt/airflow/dags/churn_ppipeline.py
[2026-04-19T08:03:01.430+0000] {processor.py:830} INFO - Processing file /opt/airflow/dags/churn_ppipeline.py for tasks to queue
[2026-04-19T08:03:01.431+0000] {logging_mixin.py:188} INFO - [2026-04-19T08:03:01.431+0000] {dagbag.py:538} INFO - Filling up the DagBag from /opt/airflow/dags/churn_ppipeline.py
[2026-04-19T08:03:01.465+0000] {processor.py:840} INFO - DAG(s) 'churn_etl_pipeline' retrieved from /opt/airflow/dags/churn_ppipeline.py
[2026-04-19T08:03:01.503+0000] {logging_mixin.py:188} INFO - [2026-04-19T08:03:01.503+0000] {dag.py:3036} INFO - Sync 1 DAGs
[2026-04-19T08:03:01.529+0000] {logging_mixin.py:188} INFO - [2026-04-19T08:03:01.529+0000] {dag.py:3823} INFO - Setting next_dagrun for churn_etl_pipeline to 2026-03-01 00:00:00+00:00, run_after=2026-04-01 00:00:00+00:00
[2026-04-19T08:03:01.552+0000] {processor.py:183} INFO - Processing /opt/airflow/dags/churn_ppipeline.py took 0.129 seconds
[2026-04-19T08:03:31.787+0000] {processor.py:161} INFO - Started process (PID=248) to work on /opt/airflow/dags/churn_ppipeline.py
[2026-04-19T08:03:31.789+0000] {processor.py:830} INFO - Processing file /opt/airflow/dags/churn_ppipeline.py for tasks to queue
[2026-04-19T08:03:31.792+0000] {logging_mixin.py:188} INFO - [2026-04-19T08:03:31.791+0000] {dagbag.py:538} INFO - Filling up the DagBag from /opt/airflow/dags/churn_ppipeline.py
[2026-04-19T08:03:31.824+0000] {processor.py:840} INFO - DAG(s) 'churn_etl_pipeline' retrieved from /opt/airflow/dags/churn_ppipeline.py
[2026-04-19T08:03:31.862+0000] {logging_mixin.py:188} INFO - [2026-04-19T08:03:31.862+0000] {dag.py:3036} INFO - Sync 1 DAGs
[2026-04-19T08:03:31.890+0000] {logging_mixin.py:188} INFO - [2026-04-19T08:03:31.890+0000] {dag.py:3823} INFO - Setting next_dagrun for churn_etl_pipeline to 2026-03-01 00:00:00+00:00, run_after=2026-04-01 00:00:00+00:00
[2026-04-19T08:03:31.912+0000] {processor.py:183} INFO - Processing /opt/airflow/dags/churn_ppipeline.py took 0.130 seconds
[2026-04-19T08:04:02.177+0000] {processor.py:161} INFO - Started process (PID=253) to work on /opt/airflow/dags/churn_ppipeline.py
[2026-04-19T08:04:02.179+0000] {processor.py:830} INFO - Processing file /opt/airflow/dags/churn_ppipeline.py for tasks to queue
[2026-04-19T08:04:02.180+0000] {logging_mixin.py:188} INFO - [2026-04-19T08:04:02.180+0000] {dagbag.py:538} INFO - Filling up the DagBag from /opt/airflow/dags/churn_ppipeline.py
[2026-04-19T08:04:02.237+0000] {processor.py:840} INFO - DAG(s) 'churn_etl_pipeline' retrieved from /opt/airflow/dags/churn_ppipeline.py
[2026-04-19T08:04:02.282+0000] {logging_mixin.py:188} INFO - [2026-04-19T08:04:02.282+0000] {dag.py:3036} INFO - Sync 1 DAGs
[2026-04-19T08:04:02.315+0000] {logging_mixin.py:188} INFO - [2026-04-19T08:04:02.315+0000] {dag.py:3823} INFO - Setting next_dagrun for churn_etl_pipeline to 2026-03-01 00:00:00+00:00, run_after=2026-04-01 00:00:00+00:00
[2026-04-19T08:04:02.342+0000] {processor.py:183} INFO - Processing /opt/airflow/dags/churn_ppipeline.py took 0.169 seconds
[2026-04-19T08:04:32.728+0000] {processor.py:161} INFO - Started process (PID=258) to work on /opt/airflow/dags/churn_ppipeline.py
[2026-04-19T08:04:32.735+0000] {processor.py:830} INFO - Processing file /opt/airflow/dags/churn_ppipeline.py for tasks to queue
[2026-04-19T08:04:32.744+0000] {logging_mixin.py:188} INFO - [2026-04-19T08:04:32.743+0000] {dagbag.py:538} INFO - Filling up the DagBag from /opt/airflow/dags/churn_ppipeline.py
[2026-04-19T08:04:33.221+0000] {processor.py:840} INFO - DAG(s) 'churn_etl_pipeline' retrieved from /opt/airflow/dags/churn_ppipeline.py
[2026-04-19T08:04:33.482+0000] {logging_mixin.py:188} INFO - [2026-04-19T08:04:33.481+0000] {dag.py:3036} INFO - Sync 1 DAGs
[2026-04-19T08:04:33.616+0000] {logging_mixin.py:188} INFO - [2026-04-19T08:04:33.616+0000] {dag.py:3823} INFO - Setting next_dagrun for churn_etl_pipeline to 2026-03-01 00:00:00+00:00, run_after=2026-04-01 00:00:00+00:00
[2026-04-19T08:04:33.720+0000] {processor.py:183} INFO - Processing /opt/airflow/dags/churn_ppipeline.py took 1.041 seconds
[2026-04-19T08:05:03.988+0000] {processor.py:161} INFO - Started process (PID=263) to work on /opt/airflow/dags/churn_ppipeline.py
[2026-04-19T08:05:03.994+0000] {processor.py:830} INFO - Processing file /opt/airflow/dags/churn_ppipeline.py for tasks to queue
[2026-04-19T08:05:03.997+0000] {logging_mixin.py:188} INFO - [2026-04-19T08:05:03.996+0000] {dagbag.py:538} INFO - Filling up the DagBag from /opt/airflow/dags/churn_ppipeline.py
[2026-04-19T08:05:04.095+0000] {processor.py:840} INFO - DAG(s) 'churn_etl_pipeline' retrieved from /opt/airflow/dags/churn_ppipeline.py
[2026-04-19T08:05:04.174+0000] {logging_mixin.py:188} INFO - [2026-04-19T08:05:04.173+0000] {dag.py:3036} INFO - Sync 1 DAGs
[2026-04-19T08:05:04.245+0000] {logging_mixin.py:188} INFO - [2026-04-19T08:05:04.245+0000] {dag.py:3823} INFO - Setting next_dagrun for churn_etl_pipeline to 2026-03-01 00:00:00+00:00, run_after=2026-04-01 00:00:00+00:00
[2026-04-19T08:05:04.312+0000] {processor.py:183} INFO - Processing /opt/airflow/dags/churn_ppipeline.py took 0.334 seconds
[2026-04-19T08:05:34.504+0000] {processor.py:161} INFO - Started process (PID=268) to work on /opt/airflow/dags/churn_ppipeline.py
[2026-04-19T08:05:34.506+0000] {processor.py:830} INFO - Processing file /opt/airflow/dags/churn_ppipeline.py for tasks to queue
[2026-04-19T08:05:34.508+0000] {logging_mixin.py:188} INFO - [2026-04-19T08:05:34.507+0000] {dagbag.py:538} INFO - Filling up the DagBag from /opt/airflow/dags/churn_ppipeline.py
[2026-04-19T08:05:34.544+0000] {processor.py:840} INFO - DAG(s) 'churn_etl_pipeline' retrieved from /opt/airflow/dags/churn_ppipeline.py
[2026-04-19T08:05:34.580+0000] {logging_mixin.py:188} INFO - [2026-04-19T08:05:34.580+0000] {dag.py:3036} INFO - Sync 1 DAGs
[2026-04-19T08:05:34.608+0000] {logging_mixin.py:188} INFO - [2026-04-19T08:05:34.607+0000] {dag.py:3823} INFO - Setting next_dagrun for churn_etl_pipeline to 2026-03-01 00:00:00+00:00, run_after=2026-04-01 00:00:00+00:00
[2026-04-19T08:05:34.630+0000] {processor.py:183} INFO - Processing /opt/airflow/dags/churn_ppipeline.py took 0.132 seconds
[2026-04-19T08:06:04.908+0000] {processor.py:161} INFO - Started process (PID=273) to work on /opt/airflow/dags/churn_ppipeline.py
[2026-04-19T08:06:04.910+0000] {processor.py:830} INFO - Processing file /opt/airflow/dags/churn_ppipeline.py for tasks to queue
[2026-04-19T08:06:04.912+0000] {logging_mixin.py:188} INFO - [2026-04-19T08:06:04.912+0000] {dagbag.py:538} INFO - Filling up the DagBag from /opt/airflow/dags/churn_ppipeline.py
[2026-04-19T08:06:04.959+0000] {processor.py:840} INFO - DAG(s) 'churn_etl_pipeline' retrieved from /opt/airflow/dags/churn_ppipeline.py
[2026-04-19T08:06:04.999+0000] {logging_mixin.py:188} INFO - [2026-04-19T08:06:04.998+0000] {dag.py:3036} INFO - Sync 1 DAGs
[2026-04-19T08:06:05.038+0000] {logging_mixin.py:188} INFO - [2026-04-19T08:06:05.037+0000] {dag.py:3823} INFO - Setting next_dagrun for churn_etl_pipeline to 2026-03-01 00:00:00+00:00, run_after=2026-04-01 00:00:00+00:00
[2026-04-19T08:06:05.102+0000] {processor.py:183} INFO - Processing /opt/airflow/dags/churn_ppipeline.py took 0.198 seconds
[2026-04-19T08:06:35.283+0000] {processor.py:161} INFO - Started process (PID=278) to work on /opt/airflow/dags/churn_ppipeline.py
[2026-04-19T08:06:35.285+0000] {processor.py:830} INFO - Processing file /opt/airflow/dags/churn_ppipeline.py for tasks to queue
[2026-04-19T08:06:35.286+0000] {logging_mixin.py:188} INFO - [2026-04-19T08:06:35.286+0000] {dagbag.py:538} INFO - Filling up the DagBag from /opt/airflow/dags/churn_ppipeline.py
[2026-04-19T08:06:35.340+0000] {processor.py:840} INFO - DAG(s) 'churn_etl_pipeline' retrieved from /opt/airflow/dags/churn_ppipeline.py
[2026-04-19T08:06:35.380+0000] {logging_mixin.py:188} INFO - [2026-04-19T08:06:35.380+0000] {dag.py:3036} INFO - Sync 1 DAGs
[2026-04-19T08:06:35.415+0000] {logging_mixin.py:188} INFO - [2026-04-19T08:06:35.415+0000] {dag.py:3823} INFO - Setting next_dagrun for churn_etl_pipeline to 2026-03-01 00:00:00+00:00, run_after=2026-04-01 00:00:00+00:00
[2026-04-19T08:06:35.461+0000] {processor.py:183} INFO - Processing /opt/airflow/dags/churn_ppipeline.py took 0.182 seconds
[2026-04-19T08:07:05.655+0000] {processor.py:161} INFO - Started process (PID=283) to work on /opt/airflow/dags/churn_ppipeline.py
[2026-04-19T08:07:05.685+0000] {processor.py:830} INFO - Processing file /opt/airflow/dags/churn_ppipeline.py for tasks to queue
[2026-04-19T08:07:05.686+0000] {logging_mixin.py:188} INFO - [2026-04-19T08:07:05.686+0000] {dagbag.py:538} INFO - Filling up the DagBag from /opt/airflow/dags/churn_ppipeline.py
[2026-04-19T08:07:05.721+0000] {processor.py:840} INFO - DAG(s) 'churn_etl_pipeline' retrieved from /opt/airflow/dags/churn_ppipeline.py
[2026-04-19T08:07:05.759+0000] {logging_mixin.py:188} INFO - [2026-04-19T08:07:05.759+0000] {dag.py:3036} INFO - Sync 1 DAGs
[2026-04-19T08:07:05.789+0000] {logging_mixin.py:188} INFO - [2026-04-19T08:07:05.789+0000] {dag.py:3823} INFO - Setting next_dagrun for churn_etl_pipeline to 2026-03-01 00:00:00+00:00, run_after=2026-04-01 00:00:00+00:00
[2026-04-19T08:07:05.846+0000] {processor.py:183} INFO - Processing /opt/airflow/dags/churn_ppipeline.py took 0.196 seconds
[2026-04-19T08:07:35.945+0000] {processor.py:161} INFO - Started process (PID=288) to work on /opt/airflow/dags/churn_ppipeline.py
[2026-04-19T08:07:35.947+0000] {processor.py:830} INFO - Processing file /opt/airflow/dags/churn_ppipeline.py for tasks to queue
[2026-04-19T08:07:35.950+0000] {logging_mixin.py:188} INFO - [2026-04-19T08:07:35.949+0000] {dagbag.py:538} INFO - Filling up the DagBag from /opt/airflow/dags/churn_ppipeline.py
[2026-04-19T08:07:35.985+0000] {processor.py:840} INFO - DAG(s) 'churn_etl_pipeline' retrieved from /opt/airflow/dags/churn_ppipeline.py
[2026-04-19T08:07:36.022+0000] {logging_mixin.py:188} INFO - [2026-04-19T08:07:36.021+0000] {dag.py:3036} INFO - Sync 1 DAGs
[2026-04-19T08:07:36.052+0000] {logging_mixin.py:188} INFO - [2026-04-19T08:07:36.052+0000] {dag.py:3823} INFO - Setting next_dagrun for churn_etl_pipeline to 2026-03-01 00:00:00+00:00, run_after=2026-04-01 00:00:00+00:00
[2026-04-19T08:07:36.082+0000] {processor.py:183} INFO - Processing /opt/airflow/dags/churn_ppipeline.py took 0.143 seconds
[2026-04-19T08:08:06.513+0000] {processor.py:161} INFO - Started process (PID=293) to work on /opt/airflow/dags/churn_ppipeline.py
[2026-04-19T08:08:06.515+0000] {processor.py:830} INFO - Processing file /opt/airflow/dags/churn_ppipeline.py for tasks to queue
[2026-04-19T08:08:06.516+0000] {logging_mixin.py:188} INFO - [2026-04-19T08:08:06.516+0000] {dagbag.py:538} INFO - Filling up the DagBag from /opt/airflow/dags/churn_ppipeline.py
[2026-04-19T08:08:06.553+0000] {processor.py:840} INFO - DAG(s) 'churn_etl_pipeline' retrieved from /opt/airflow/dags/churn_ppipeline.py
[2026-04-19T08:08:06.587+0000] {logging_mixin.py:188} INFO - [2026-04-19T08:08:06.587+0000] {dag.py:3036} INFO - Sync 1 DAGs
[2026-04-19T08:08:06.613+0000] {logging_mixin.py:188} INFO - [2026-04-19T08:08:06.613+0000] {dag.py:3823} INFO - Setting next_dagrun for churn_etl_pipeline to 2026-03-01 00:00:00+00:00, run_after=2026-04-01 00:00:00+00:00
[2026-04-19T08:08:06.640+0000] {processor.py:183} INFO - Processing /opt/airflow/dags/churn_ppipeline.py took 0.132 seconds
[2026-04-19T08:08:36.750+0000] {processor.py:161} INFO - Started process (PID=298) to work on /opt/airflow/dags/churn_ppipeline.py
[2026-04-19T08:08:36.752+0000] {processor.py:830} INFO - Processing file /opt/airflow/dags/churn_ppipeline.py for tasks to queue
[2026-04-19T08:08:36.753+0000] {logging_mixin.py:188} INFO - [2026-04-19T08:08:36.753+0000] {dagbag.py:538} INFO - Filling up the DagBag from /opt/airflow/dags/churn_ppipeline.py
[2026-04-19T08:08:36.791+0000] {processor.py:840} INFO - DAG(s) 'churn_etl_pipeline' retrieved from /opt/airflow/dags/churn_ppipeline.py
[2026-04-19T08:08:36.832+0000] {logging_mixin.py:188} INFO - [2026-04-19T08:08:36.832+0000] {dag.py:3036} INFO - Sync 1 DAGs
[2026-04-19T08:08:36.859+0000] {logging_mixin.py:188} INFO - [2026-04-19T08:08:36.859+0000] {dag.py:3823} INFO - Setting next_dagrun for churn_etl_pipeline to 2026-03-01 00:00:00+00:00, run_after=2026-04-01 00:00:00+00:00
[2026-04-19T08:08:36.882+0000] {processor.py:183} INFO - Processing /opt/airflow/dags/churn_ppipeline.py took 0.137 seconds
[2026-04-19T08:09:07.074+0000] {processor.py:161} INFO - Started process (PID=303) to work on /opt/airflow/dags/churn_ppipeline.py
[2026-04-19T08:09:07.076+0000] {processor.py:830} INFO - Processing file /opt/airflow/dags/churn_ppipeline.py for tasks to queue
[2026-04-19T08:09:07.077+0000] {logging_mixin.py:188} INFO - [2026-04-19T08:09:07.077+0000] {dagbag.py:538} INFO - Filling up the DagBag from /opt/airflow/dags/churn_ppipeline.py
[2026-04-19T08:09:07.106+0000] {processor.py:840} INFO - DAG(s) 'churn_etl_pipeline' retrieved from /opt/airflow/dags/churn_ppipeline.py
[2026-04-19T08:09:07.139+0000] {logging_mixin.py:188} INFO - [2026-04-19T08:09:07.139+0000] {dag.py:3036} INFO - Sync 1 DAGs
[2026-04-19T08:09:07.164+0000] {logging_mixin.py:188} INFO - [2026-04-19T08:09:07.163+0000] {dag.py:3823} INFO - Setting next_dagrun for churn_etl_pipeline to 2026-03-01 00:00:00+00:00, run_after=2026-04-01 00:00:00+00:00
[2026-04-19T08:09:07.187+0000] {processor.py:183} INFO - Processing /opt/airflow/dags/churn_ppipeline.py took 0.118 seconds
[2026-04-19T08:09:37.318+0000] {processor.py:161} INFO - Started process (PID=308) to work on /opt/airflow/dags/churn_ppipeline.py
[2026-04-19T08:09:37.319+0000] {processor.py:830} INFO - Processing file /opt/airflow/dags/churn_ppipeline.py for tasks to queue
[2026-04-19T08:09:37.321+0000] {logging_mixin.py:188} INFO - [2026-04-19T08:09:37.320+0000] {dagbag.py:538} INFO - Filling up the DagBag from /opt/airflow/dags/churn_ppipeline.py
[2026-04-19T08:09:37.347+0000] {processor.py:840} INFO - DAG(s) 'churn_etl_pipeline' retrieved from /opt/airflow/dags/churn_ppipeline.py
[2026-04-19T08:09:37.392+0000] {logging_mixin.py:188} INFO - [2026-04-19T08:09:37.391+0000] {dag.py:3036} INFO - Sync 1 DAGs
[2026-04-19T08:09:37.419+0000] {logging_mixin.py:188} INFO - [2026-04-19T08:09:37.418+0000] {dag.py:3823} INFO - Setting next_dagrun for churn_etl_pipeline to 2026-03-01 00:00:00+00:00, run_after=2026-04-01 00:00:00+00:00
[2026-04-19T08:09:37.442+0000] {processor.py:183} INFO - Processing /opt/airflow/dags/churn_ppipeline.py took 0.129 seconds
[2026-04-19T08:10:07.650+0000] {processor.py:161} INFO - Started process (PID=313) to work on /opt/airflow/dags/churn_ppipeline.py
[2026-04-19T08:10:07.652+0000] {processor.py:830} INFO - Processing file /opt/airflow/dags/churn_ppipeline.py for tasks to queue
[2026-04-19T08:10:07.654+0000] {logging_mixin.py:188} INFO - [2026-04-19T08:10:07.653+0000] {dagbag.py:538} INFO - Filling up the DagBag from /opt/airflow/dags/churn_ppipeline.py
[2026-04-19T08:10:07.695+0000] {processor.py:840} INFO - DAG(s) 'churn_etl_pipeline' retrieved from /opt/airflow/dags/churn_ppipeline.py
[2026-04-19T08:10:07.742+0000] {logging_mixin.py:188} INFO - [2026-04-19T08:10:07.741+0000] {dag.py:3036} INFO - Sync 1 DAGs
[2026-04-19T08:10:07.775+0000] {logging_mixin.py:188} INFO - [2026-04-19T08:10:07.775+0000] {dag.py:3823} INFO - Setting next_dagrun for churn_etl_pipeline to 2026-03-01 00:00:00+00:00, run_after=2026-04-01 00:00:00+00:00
[2026-04-19T08:10:07.799+0000] {processor.py:183} INFO - Processing /opt/airflow/dags/churn_ppipeline.py took 0.153 seconds
[2026-04-19T08:10:37.869+0000] {processor.py:161} INFO - Started process (PID=318) to work on /opt/airflow/dags/churn_ppipeline.py
[2026-04-19T08:10:37.871+0000] {processor.py:830} INFO - Processing file /opt/airflow/dags/churn_ppipeline.py for tasks to queue
[2026-04-19T08:10:37.873+0000] {logging_mixin.py:188} INFO - [2026-04-19T08:10:37.873+0000] {dagbag.py:538} INFO - Filling up the DagBag from /opt/airflow/dags/churn_ppipeline.py
[2026-04-19T08:10:37.901+0000] {processor.py:840} INFO - DAG(s) 'churn_etl_pipeline' retrieved from /opt/airflow/dags/churn_ppipeline.py
[2026-04-19T08:10:37.938+0000] {logging_mixin.py:188} INFO - [2026-04-19T08:10:37.937+0000] {dag.py:3036} INFO - Sync 1 DAGs
[2026-04-19T08:10:37.968+0000] {logging_mixin.py:188} INFO - [2026-04-19T08:10:37.968+0000] {dag.py:3823} INFO - Setting next_dagrun for churn_etl_pipeline to 2026-03-01 00:00:00+00:00, run_after=2026-04-01 00:00:00+00:00
[2026-04-19T08:10:37.995+0000] {processor.py:183} INFO - Processing /opt/airflow/dags/churn_ppipeline.py took 0.130 seconds
[2026-04-19T08:11:08.238+0000] {processor.py:161} INFO - Started process (PID=323) to work on /opt/airflow/dags/churn_ppipeline.py
[2026-04-19T08:11:08.240+0000] {processor.py:830} INFO - Processing file /opt/airflow/dags/churn_ppipeline.py for tasks to queue
[2026-04-19T08:11:08.242+0000] {logging_mixin.py:188} INFO - [2026-04-19T08:11:08.241+0000] {dagbag.py:538} INFO - Filling up the DagBag from /opt/airflow/dags/churn_ppipeline.py
[2026-04-19T08:11:08.282+0000] {processor.py:840} INFO - DAG(s) 'churn_etl_pipeline' retrieved from /opt/airflow/dags/churn_ppipeline.py
[2026-04-19T08:11:08.325+0000] {logging_mixin.py:188} INFO - [2026-04-19T08:11:08.325+0000] {dag.py:3036} INFO - Sync 1 DAGs
[2026-04-19T08:11:08.351+0000] {logging_mixin.py:188} INFO - [2026-04-19T08:11:08.351+0000] {dag.py:3823} INFO - Setting next_dagrun for churn_etl_pipeline to 2026-03-01 00:00:00+00:00, run_after=2026-04-01 00:00:00+00:00
[2026-04-19T08:11:08.377+0000] {processor.py:183} INFO - Processing /opt/airflow/dags/churn_ppipeline.py took 0.144 seconds
[2026-04-19T08:11:38.492+0000] {processor.py:161} INFO - Started process (PID=328) to work on /opt/airflow/dags/churn_ppipeline.py
[2026-04-19T08:11:38.494+0000] {processor.py:830} INFO - Processing file /opt/airflow/dags/churn_ppipeline.py for tasks to queue
[2026-04-19T08:11:38.496+0000] {logging_mixin.py:188} INFO - [2026-04-19T08:11:38.495+0000] {dagbag.py:538} INFO - Filling up the DagBag from /opt/airflow/dags/churn_ppipeline.py
[2026-04-19T08:11:38.544+0000] {processor.py:840} INFO - DAG(s) 'churn_etl_pipeline' retrieved from /opt/airflow/dags/churn_ppipeline.py
[2026-04-19T08:11:38.584+0000] {logging_mixin.py:188} INFO - [2026-04-19T08:11:38.584+0000] {dag.py:3036} INFO - Sync 1 DAGs
[2026-04-19T08:11:38.636+0000] {logging_mixin.py:188} INFO - [2026-04-19T08:11:38.636+0000] {dag.py:3823} INFO - Setting next_dagrun for churn_etl_pipeline to 2026-03-01 00:00:00+00:00, run_after=2026-04-01 00:00:00+00:00
[2026-04-19T08:11:38.679+0000] {processor.py:183} INFO - Processing /opt/airflow/dags/churn_ppipeline.py took 0.193 seconds
[2026-04-19T08:12:08.812+0000] {processor.py:161} INFO - Started process (PID=333) to work on /opt/airflow/dags/churn_ppipeline.py
[2026-04-19T08:12:08.814+0000] {processor.py:830} INFO - Processing file /opt/airflow/dags/churn_ppipeline.py for tasks to queue
[2026-04-19T08:12:08.816+0000] {logging_mixin.py:188} INFO - [2026-04-19T08:12:08.816+0000] {dagbag.py:538} INFO - Filling up the DagBag from /opt/airflow/dags/churn_ppipeline.py
[2026-04-19T08:12:08.848+0000] {processor.py:840} INFO - DAG(s) 'churn_etl_pipeline' retrieved from /opt/airflow/dags/churn_ppipeline.py
[2026-04-19T08:12:08.886+0000] {logging_mixin.py:188} INFO - [2026-04-19T08:12:08.886+0000] {dag.py:3036} INFO - Sync 1 DAGs
[2026-04-19T08:12:08.913+0000] {logging_mixin.py:188} INFO - [2026-04-19T08:12:08.913+0000] {dag.py:3823} INFO - Setting next_dagrun for churn_etl_pipeline to 2026-03-01 00:00:00+00:00, run_after=2026-04-01 00:00:00+00:00
[2026-04-19T08:12:08.937+0000] {processor.py:183} INFO - Processing /opt/airflow/dags/churn_ppipeline.py took 0.131 seconds
[2026-04-19T08:12:39.070+0000] {processor.py:161} INFO - Started process (PID=338) to work on /opt/airflow/dags/churn_ppipeline.py
[2026-04-19T08:12:39.072+0000] {processor.py:830} INFO - Processing file /opt/airflow/dags/churn_ppipeline.py for tasks to queue
[2026-04-19T08:12:39.073+0000] {logging_mixin.py:188} INFO - [2026-04-19T08:12:39.073+0000] {dagbag.py:538} INFO - Filling up the DagBag from /opt/airflow/dags/churn_ppipeline.py
[2026-04-19T08:12:39.099+0000] {processor.py:840} INFO - DAG(s) 'churn_etl_pipeline' retrieved from /opt/airflow/dags/churn_ppipeline.py
[2026-04-19T08:12:39.133+0000] {logging_mixin.py:188} INFO - [2026-04-19T08:12:39.133+0000] {dag.py:3036} INFO - Sync 1 DAGs
[2026-04-19T08:12:39.158+0000] {logging_mixin.py:188} INFO - [2026-04-19T08:12:39.158+0000] {dag.py:3823} INFO - Setting next_dagrun for churn_etl_pipeline to 2026-03-01 00:00:00+00:00, run_after=2026-04-01 00:00:00+00:00
[2026-04-19T08:12:39.182+0000] {processor.py:183} INFO - Processing /opt/airflow/dags/churn_ppipeline.py took 0.116 seconds
[2026-04-19T08:13:09.390+0000] {processor.py:161} INFO - Started process (PID=343) to work on /opt/airflow/dags/churn_ppipeline.py
[2026-04-19T08:13:09.394+0000] {processor.py:830} INFO - Processing file /opt/airflow/dags/churn_ppipeline.py for tasks to queue
[2026-04-19T08:13:09.396+0000] {logging_mixin.py:188} INFO - [2026-04-19T08:13:09.395+0000] {dagbag.py:538} INFO - Filling up the DagBag from /opt/airflow/dags/churn_ppipeline.py
[2026-04-19T08:13:09.439+0000] {processor.py:840} INFO - DAG(s) 'churn_etl_pipeline' retrieved from /opt/airflow/dags/churn_ppipeline.py
[2026-04-19T08:13:09.510+0000] {logging_mixin.py:188} INFO - [2026-04-19T08:13:09.510+0000] {dag.py:3036} INFO - Sync 1 DAGs
[2026-04-19T08:13:09.543+0000] {logging_mixin.py:188} INFO - [2026-04-19T08:13:09.543+0000] {dag.py:3823} INFO - Setting next_dagrun for churn_etl_pipeline to 2026-03-01 00:00:00+00:00, run_after=2026-04-01 00:00:00+00:00
[2026-04-19T08:13:09.569+0000] {processor.py:183} INFO - Processing /opt/airflow/dags/churn_ppipeline.py took 0.186 seconds
[2026-04-19T08:13:39.741+0000] {processor.py:161} INFO - Started process (PID=348) to work on /opt/airflow/dags/churn_ppipeline.py
[2026-04-19T08:13:39.745+0000] {processor.py:830} INFO - Processing file /opt/airflow/dags/churn_ppipeline.py for tasks to queue
[2026-04-19T08:13:39.752+0000] {logging_mixin.py:188} INFO - [2026-04-19T08:13:39.751+0000] {dagbag.py:538} INFO - Filling up the DagBag from /opt/airflow/dags/churn_ppipeline.py
[2026-04-19T08:13:39.821+0000] {processor.py:840} INFO - DAG(s) 'churn_etl_pipeline' retrieved from /opt/airflow/dags/churn_ppipeline.py
[2026-04-19T08:13:39.923+0000] {logging_mixin.py:188} INFO - [2026-04-19T08:13:39.922+0000] {dag.py:3036} INFO - Sync 1 DAGs
[2026-04-19T08:13:40.023+0000] {logging_mixin.py:188} INFO - [2026-04-19T08:13:40.021+0000] {dag.py:3823} INFO - Setting next_dagrun for churn_etl_pipeline to 2026-03-01 00:00:00+00:00, run_after=2026-04-01 00:00:00+00:00
[2026-04-19T08:13:40.083+0000] {processor.py:183} INFO - Processing /opt/airflow/dags/churn_ppipeline.py took 0.352 seconds
[2026-04-19T08:14:10.226+0000] {processor.py:161} INFO - Started process (PID=353) to work on /opt/airflow/dags/churn_ppipeline.py
[2026-04-19T08:14:10.231+0000] {processor.py:830} INFO - Processing file /opt/airflow/dags/churn_ppipeline.py for tasks to queue
[2026-04-19T08:14:10.234+0000] {logging_mixin.py:188} INFO - [2026-04-19T08:14:10.233+0000] {dagbag.py:538} INFO - Filling up the DagBag from /opt/airflow/dags/churn_ppipeline.py
[2026-04-19T08:14:10.307+0000] {processor.py:840} INFO - DAG(s) 'churn_etl_pipeline' retrieved from /opt/airflow/dags/churn_ppipeline.py
[2026-04-19T08:14:10.394+0000] {logging_mixin.py:188} INFO - [2026-04-19T08:14:10.393+0000] {dag.py:3036} INFO - Sync 1 DAGs
[2026-04-19T08:14:10.504+0000] {logging_mixin.py:188} INFO - [2026-04-19T08:14:10.503+0000] {dag.py:3823} INFO - Setting next_dagrun for churn_etl_pipeline to 2026-03-01 00:00:00+00:00, run_after=2026-04-01 00:00:00+00:00
[2026-04-19T08:14:10.606+0000] {processor.py:183} INFO - Processing /opt/airflow/dags/churn_ppipeline.py took 0.391 seconds
[2026-04-19T08:14:40.896+0000] {processor.py:161} INFO - Started process (PID=358) to work on /opt/airflow/dags/churn_ppipeline.py
[2026-04-19T08:14:40.900+0000] {processor.py:830} INFO - Processing file /opt/airflow/dags/churn_ppipeline.py for tasks to queue
[2026-04-19T08:14:40.903+0000] {logging_mixin.py:188} INFO - [2026-04-19T08:14:40.902+0000] {dagbag.py:538} INFO - Filling up the DagBag from /opt/airflow/dags/churn_ppipeline.py
[2026-04-19T08:14:40.984+0000] {processor.py:840} INFO - DAG(s) 'churn_etl_pipeline' retrieved from /opt/airflow/dags/churn_ppipeline.py
[2026-04-19T08:14:41.076+0000] {logging_mixin.py:188} INFO - [2026-04-19T08:14:41.076+0000] {dag.py:3036} INFO - Sync 1 DAGs
[2026-04-19T08:14:41.136+0000] {logging_mixin.py:188} INFO - [2026-04-19T08:14:41.135+0000] {dag.py:3823} INFO - Setting next_dagrun for churn_etl_pipeline to 2026-03-01 00:00:00+00:00, run_after=2026-04-01 00:00:00+00:00
[2026-04-19T08:14:41.194+0000] {processor.py:183} INFO - Processing /opt/airflow/dags/churn_ppipeline.py took 0.311 seconds
[2026-04-19T08:15:11.623+0000] {processor.py:161} INFO - Started process (PID=363) to work on /opt/airflow/dags/churn_ppipeline.py
[2026-04-19T08:15:11.626+0000] {processor.py:830} INFO - Processing file /opt/airflow/dags/churn_ppipeline.py for tasks to queue
[2026-04-19T08:15:11.629+0000] {logging_mixin.py:188} INFO - [2026-04-19T08:15:11.628+0000] {dagbag.py:538} INFO - Filling up the DagBag from /opt/airflow/dags/churn_ppipeline.py
[2026-04-19T08:15:11.690+0000] {processor.py:840} INFO - DAG(s) 'churn_etl_pipeline' retrieved from /opt/airflow/dags/churn_ppipeline.py
[2026-04-19T08:15:11.773+0000] {logging_mixin.py:188} INFO - [2026-04-19T08:15:11.773+0000] {dag.py:3036} INFO - Sync 1 DAGs
[2026-04-19T08:15:11.848+0000] {logging_mixin.py:188} INFO - [2026-04-19T08:15:11.846+0000] {dag.py:3823} INFO - Setting next_dagrun for churn_etl_pipeline to 2026-03-01 00:00:00+00:00, run_after=2026-04-01 00:00:00+00:00
[2026-04-19T08:15:11.917+0000] {processor.py:183} INFO - Processing /opt/airflow/dags/churn_ppipeline.py took 0.303 seconds
[2026-04-19T08:15:42.376+0000] {processor.py:161} INFO - Started process (PID=368) to work on /opt/airflow/dags/churn_ppipeline.py
[2026-04-19T08:15:42.379+0000] {processor.py:830} INFO - Processing file /opt/airflow/dags/churn_ppipeline.py for tasks to queue
[2026-04-19T08:15:42.383+0000] {logging_mixin.py:188} INFO - [2026-04-19T08:15:42.382+0000] {dagbag.py:538} INFO - Filling up the DagBag from /opt/airflow/dags/churn_ppipeline.py
[2026-04-19T08:15:42.461+0000] {processor.py:840} INFO - DAG(s) 'churn_etl_pipeline' retrieved from /opt/airflow/dags/churn_ppipeline.py
[2026-04-19T08:15:42.542+0000] {logging_mixin.py:188} INFO - [2026-04-19T08:15:42.542+0000] {dag.py:3036} INFO - Sync 1 DAGs
[2026-04-19T08:15:42.607+0000] {logging_mixin.py:188} INFO - [2026-04-19T08:15:42.606+0000] {dag.py:3823} INFO - Setting next_dagrun for churn_etl_pipeline to 2026-03-01 00:00:00+00:00, run_after=2026-04-01 00:00:00+00:00
[2026-04-19T08:15:42.663+0000] {processor.py:183} INFO - Processing /opt/airflow/dags/churn_ppipeline.py took 0.300 seconds
[2026-04-19T09:58:59.230+0000] {processor.py:161} INFO - Started process (PID=375) to work on /opt/airflow/dags/churn_ppipeline.py
[2026-04-19T09:58:59.248+0000] {processor.py:830} INFO - Processing file /opt/airflow/dags/churn_ppipeline.py for tasks to queue
[2026-04-19T09:58:59.258+0000] {logging_mixin.py:188} INFO - [2026-04-19T09:58:59.257+0000] {dagbag.py:538} INFO - Filling up the DagBag from /opt/airflow/dags/churn_ppipeline.py
[2026-04-19T09:58:59.626+0000] {processor.py:840} INFO - DAG(s) 'churn_etl_pipeline' retrieved from /opt/airflow/dags/churn_ppipeline.py
[2026-04-19T09:58:59.725+0000] {logging_mixin.py:188} INFO - [2026-04-19T09:58:59.724+0000] {dag.py:3036} INFO - Sync 1 DAGs
[2026-04-19T09:58:59.803+0000] {logging_mixin.py:188} INFO - [2026-04-19T09:58:59.803+0000] {dag.py:3823} INFO - Setting next_dagrun for churn_etl_pipeline to 2026-03-01 00:00:00+00:00, run_after=2026-04-01 00:00:00+00:00
[2026-04-19T09:58:59.983+0000] {processor.py:183} INFO - Processing /opt/airflow/dags/churn_ppipeline.py took 0.759 seconds
[2026-04-19T09:59:33.496+0000] {processor.py:161} INFO - Started process (PID=380) to work on /opt/airflow/dags/churn_ppipeline.py
[2026-04-19T09:59:33.510+0000] {processor.py:830} INFO - Processing file /opt/airflow/dags/churn_ppipeline.py for tasks to queue
[2026-04-19T09:59:33.516+0000] {logging_mixin.py:188} INFO - [2026-04-19T09:59:33.513+0000] {dagbag.py:538} INFO - Filling up the DagBag from /opt/airflow/dags/churn_ppipeline.py
[2026-04-19T09:59:33.706+0000] {processor.py:840} INFO - DAG(s) 'churn_etl_pipeline' retrieved from /opt/airflow/dags/churn_ppipeline.py
[2026-04-19T09:59:33.819+0000] {logging_mixin.py:188} INFO - [2026-04-19T09:59:33.818+0000] {dag.py:3036} INFO - Sync 1 DAGs
[2026-04-19T09:59:33.920+0000] {logging_mixin.py:188} INFO - [2026-04-19T09:59:33.919+0000] {dag.py:3823} INFO - Setting next_dagrun for churn_etl_pipeline to 2026-03-01 00:00:00+00:00, run_after=2026-04-01 00:00:00+00:00
[2026-04-19T09:59:34.049+0000] {processor.py:183} INFO - Processing /opt/airflow/dags/churn_ppipeline.py took 0.578 seconds
